struct (
  'input' -> struct (
    'address' -> '{,,}'
    'arb' -> '{ones(1,32),0,1}'
    'class' -> '{default,default,default}'
    'description' -> '{,,}'
    'feedthrough' -> '{1,1,1}'
    'freeze' -> '{1,1,1}'
    'lsb' -> '{0.001*ones(1,32),1,0.01}'
    'max' -> '{NaN*zeros(1,32),NaN,NaN}'
    'min' -> '{NaN*zeros(1,32),NaN,NaN}'
    'name' -> '{buf,M,T}'
    'offset' -> '{zeros(1,32),0,0}'
    'scaling' -> '{,,}'
    'type' -> '{Int16,UInt8,UInt8}'
    'unit' -> '{,,}'
    'variable' -> '{,,}'
    'varname' -> '{buf,M,T}'
    'width' -> '{32,1,1}'
  )
  'logdata' -> struct (
    'channels' -> '{1,1}'
    'loggingmode' -> '{1,1}'
    'maxnumvals' -> '{inf,inf}'
    'plotchannels' -> '{1,1}'
  )
  'output' -> struct (
    'address' -> '{,}'
    'arb' -> '{1,1}'
    'class' -> '{default,default}'
    'description' -> '{,}'
    'freeze' -> '{1,1}'
    'lsb' -> '{0.001,0.001}'
    'max' -> '{NaN,NaN}'
    'min' -> '{NaN,NaN}'
    'name' -> '{slope,lse}'
    'offset' -> '{0,0}'
    'scaling' -> '{,}'
    'type' -> '{Int16,Int32}'
    'unit' -> '{,}'
    'variable' -> '{,}'
    'varname' -> '{slope,lse}'
    'width' -> '{1,1}'
  )
  'work' -> struct (
    'address' -> ''
    'arb' -> '1'
    'class' -> 'default'
    'description' -> ''
    'freeze' -> '1'
    'lsb' -> '0.001'
    'max' -> 'NaN'
    'min' -> 'NaN'
    'name' -> 'sum'
    'offset' -> '0'
    'scaling' -> ''
    'type' -> 'Int32'
    'unit' -> ''
    'variable' -> ''
    'varname' -> 'sum'
    'width' -> '1'
  )
  'codefile' -> 'S_Regression_TL.c'
  'date' -> '733651.60012752318'
  'dt' -> '0.01'
  'prodcode' -> '1'
  'scalingvalid' -> '0'
)