struct (
  'comment' -> struct (
    'placement' -> '1'
    'text' -> ''
  )
  'logdata' -> struct (
    'channels' -> '12'
    'loggingmode' -> '3'
    'maxnumvals' -> 'inf'
    'plotchannels' -> '[]'
  )
  'output' -> struct (
    'address' -> ''
    'arb' -> 'zeros(1,12)'
    'autoscalingmode' -> '1'
    'castoutput' -> '0'
    'checkmax' -> '0'
    'checkmin' -> '0'
    'class' -> 'default'
    'description' -> ''
    'freeze' -> '1'
    'headroomunit' -> 'bit'
    'keepdatatype' -> '1'
    'lowerheadroom' -> '1'
    'lsb' -> 'ones(1,12)'
    'max' -> 'NaN*ones(1,12)'
    'min' -> 'NaN*ones(1,12)'
    'name' -> '$S_$B'
    'offset' -> 'zeros(1,12)'
    'scaling' -> ''
    'show' -> '0'
    'type' -> 'uint8'
    'unit' -> ''
    'upperheadroom' -> '1'
    'variable' -> ''
    'width' -> '12'
  )
  'threshold' -> struct (
    'address' -> ''
    'arb' -> 'zeros(1,12)'
    'class' -> 'default'
    'criteria' -> '1'
    'description' -> ''
    'freeze' -> '1'
    'keepdatatype' -> '1'
    'lsb' -> 'ones(1,12)'
    'max' -> 'NaN*ones(1,12)'
    'min' -> 'NaN*ones(1,12)'
    'name' -> '$S_$B_threshold'
    'offset' -> 'zeros(1,12)'
    'scalar' -> '0'
    'scaling' -> ''
    'type' -> 'Int16'
    'unit' -> ''
    'value' -> '1'
    'variable' -> ''
    'width' -> '12'
  )
  'date' -> '733066.588839965'
  'scalingvalid' -> '0'
)