struct (
  'addtestframe' -> '0'
  'codecomment' -> ''
  'codecoveragelevel' -> '0'
  'codefile' -> 'F_RampDynamic_Part2'
  'description' -> ''
  'destination' -> ''
  'forceinitfunction' -> '0'
  'forcerestartfunction' -> '0'
  'forcereuse' -> '1'
  'forcetermfunction' -> '0'
  'functionarglist' -> '{{}}'
  'incrcodegen' -> '0'
  'initfunctionclass' -> 'default'
  'initfunctionname' -> 'INIT_F_RampDynamic_Part2'
  'linkfile' -> '0'
  'ownedmodules' -> '{{}}'
  'restartfunctionclass' -> 'default'
  'restartfunctionname' -> 'RESTART_$S_$B'
  'revisionNumber' -> '9'
  'scalingpropagation' -> '{{[  % mark all inports and outports as scaling invariant ];[    Ret_In(2).Invariant = 1;];[    Ret_In(3).Invariant = 1;];[    Ret_Out(1).Invariant = 1;];[    % calulate the scaling and the ranges of the output];[    Ret_Out(1).Lsb    =SII_In(2).Lsb;];[    Ret_Out(1).Offset = SII_In(2).Offset;];[    Ret_Out(1).Min = SII_In(2).Min;];[    Ret_Out(1).Max = SII_In(2).Max;]}}'
  'simmode' -> '1'
  'stepfunctionclass' -> 'GLOBAL_FCN'
  'stepfunctionname' -> 'F_RampDynamic_Part2'
  'subsystemid' -> 'FB24b'
  'termfunctionclass' -> 'default'
  'termfunctionname' -> 'TERM_$S_$B'
  'unscaledarguments' -> '1'
)