struct (
  'additionalarguments' -> '{{}}'
  'addtestframe' -> '0'
  'codecomment' -> ''
  'codecoveragelevel' -> '0'
  'codefile' -> ''
  'date' -> '730486'
  'description' -> ''
  'destination' -> ''
  'forceinitfunction' -> '0'
  'forcerestartfunction' -> '0'
  'forcereuse' -> '0'
  'forcetermfunction' -> '0'
  'functionarglist' -> '{{}}'
  'incrcodegen' -> '0'
  'initfunctionclass' -> 'default'
  'initfunctionname' -> 'INIT_$S_$B'
  'linkfile' -> '0'
  'ownedmodules' -> '{{}}'
  'restartfunctionclass' -> 'default'
  'restartfunctionname' -> 'RESTART_$S_$B'
  'scalingpropagation' -> '{{}}'
  'simmode' -> '1'
  'stepfunctionclass' -> 'default'
  'stepfunctionname' -> '$S_$B'
  'subsystemid' -> 'default'
  'termfunctionclass' -> 'default'
  'termfunctionname' -> 'TERM_$S_$B'
  'unscaledarguments' -> '0'
)